<!DOCTYPE html>
<html>
<head>
	<style>
		a {
			position: absolute;
			top: 0;
			display: block;
			z-index: 2;
		}
	</style>
</head>
<body>
</body>
</html>
