<!DOCTYPE html>
<html>
<body>
	<div style="position: absolute;top: 0;display: block;z-index: 2;"></div>
</body>
</html>
